[36mRushWay v0.0.25[0m
[36m------------------------------------------------------------[0m
 [+] Mode:        Server
 [+] Listen:      127.0.0.1:19210
 [+] Upstream:    N/A (Server mode)
 [+] Mux:         Enabled (server)
 [+] Obfs:        Disabled
 [+] DNS:         System default
 [+] Auth:        Enabled (XOR)
 [+] Buffer:      128 KB
 [+] Max Conns:   1500
[36m------------------------------------------------------------[0m
[2m2026-09-23T02:21:20.811872Z[0m [32m INFO[0m RushWay server listening on 127.0.0.1:19210
[2m2026-09-23T02:21:20.843196Z[0m [34mDEBUG[0m QUIC server UDP socket buffers requested [3mbytes[0m[2m=[0m8388608
[2m2026-09-23T02:21:20.875914Z[0m [32m INFO[0m RushWay QUIC server listening on 127.0.0.1:19210
[2m2026-09-23T02:21:20.877580Z[0m [33m WARN[0m [WSS] HTTP handshake connection closed by peer; received 0 response bytes (early eof)
[2m2026-09-23T02:21:20.878373Z[0m [34mDEBUG[0m transport connection closed [3mpeer[0m[2m=[0m127.0.0.1:4792 [3merror[0m[2m=[0mWSS HTTP handshake connection closed by peer; received 0 response bytes (early eof)
[2m2026-09-23T02:21:21.346780Z[0m [34mDEBUG[0m peer VERSION received; send window enabled [3mkib[0m[2m=[0m8192
[2m2026-09-23T02:21:21.475497Z[0m [34mDEBUG[0m peer VERSION received; send window enabled [3mkib[0m[2m=[0m8192
[2m2026-09-23T02:21:21.580534Z[0m [34mDEBUG[0m peer VERSION received; send window enabled [3mkib[0m[2m=[0m8192
[2m2026-09-23T02:21:21.808409Z[0m [34mDEBUG[0m peer VERSION received; send window enabled [3mkib[0m[2m=[0m8192
