rushway mode=setup sample=1 c1=73.47 c8=228.78 c32=257.62 cpu_s=2.05 rss_mb=91.9
rushway mode=setup sample=2 c1=61.64 c8=229.83 c32=251.91 cpu_s=2.25 rss_mb=148
rushway mode=setup sample=3 c1=142.72 c8=246.33 c32=235.18 cpu_s=2.27 rss_mb=157.5
rushway mode=setup sample=4 c1=53.68 c8=254.27 c32=244.45 cpu_s=1.84 rss_mb=149.6
rushway mode=setup sample=5 c1=71.32 c8=226.29 c32=252.7 cpu_s=2.33 rss_mb=142
goway mode=setup sample=1 c1=299.8 c8=286.09 c32=257.4 cpu_s=1.67 rss_mb=87.2
goway mode=setup sample=2 c1=151.41 c8=294.49 c32=292.96 cpu_s=1.88 rss_mb=84.6
goway mode=setup sample=3 c1=283.94 c8=302 c32=287.05 cpu_s=2.09 rss_mb=90.2
goway mode=setup sample=4 c1=247.12 c8=231.14 c32=267.64 cpu_s=1.91 rss_mb=88.5
goway mode=setup sample=5 c1=105.85 c8=292.58 c32=259.27 cpu_s=2.11 rss_mb=85.2
sing-box mode=setup sample=1 c1=106.69 c8=375.76 c32=338.57 cpu_s=1.31 rss_mb=83
sing-box mode=setup sample=2 c1=94.08 c8=346.89 c32=346.92 cpu_s=1.17 rss_mb=82.8
sing-box mode=setup sample=3 c1=227.94 c8=394.93 c32=405.11 cpu_s=1.23 rss_mb=79
sing-box mode=setup sample=4 c1=107.43 c8=376.47 c32=360.57 cpu_s=1.3 rss_mb=78.7
sing-box mode=setup sample=5 c1=131.26 c8=458.27 c32=392.11 cpu_s=1.25 rss_mb=79.6
xray mode=setup sample=1 c1=63.47 c8=166.94 c32=176.13 cpu_s=3.5 rss_mb=62.8
xray mode=setup sample=2 c1=43.01 c8=178.25 c32=175.48 cpu_s=3.45 rss_mb=64.7
xray mode=setup sample=3 c1=57.11 c8=177.49 c32=185.09 cpu_s=3.2 rss_mb=63
xray mode=setup sample=4 c1=32.91 c8=179.77 c32=188.32 cpu_s=3.16 rss_mb=63.6
xray mode=setup sample=5 c1=28.77 c8=172.87 c32=186.55 cpu_s=3.09 rss_mb=62.3
rushway mode=steady sample=1 c1=101.24 c8=214.75 c32=241.05 cpu_s=2.22 rss_mb=155.9
rushway mode=steady sample=2 c1=107.61 c8=238.2 c32=252.54 cpu_s=2.05 rss_mb=145.1
rushway mode=steady sample=3 c1=77.12 c8=238.76 c32=251.84 cpu_s=2.34 rss_mb=158.8
rushway mode=steady sample=4 c1=115.64 c8=238.7 c32=232.99 cpu_s=2.64 rss_mb=142.6
rushway mode=steady sample=5 c1=52.32 c8=260.67 c32=253.78 cpu_s=2.36 rss_mb=159
goway mode=steady sample=1 c1=288.42 c8=290.7 c32=270.23 cpu_s=1.94 rss_mb=89
goway mode=steady sample=2 c1=304.04 c8=248.61 c32=261.76 cpu_s=2.3 rss_mb=88.1
goway mode=steady sample=3 c1=163.78 c8=277.09 c32=259.18 cpu_s=2.03 rss_mb=97.9
goway mode=steady sample=4 c1=269.64 c8=253.73 c32=256.45 cpu_s=2.31 rss_mb=92
goway mode=steady sample=5 c1=319.75 c8=296.89 c32=258.49 cpu_s=2.14 rss_mb=88.7
sing-box mode=steady sample=1 c1=90.76 c8=377.92 c32=389.53 cpu_s=1.38 rss_mb=81.1
sing-box mode=steady sample=2 c1=269.91 c8=408.73 c32=382.04 cpu_s=1.17 rss_mb=77.9
sing-box mode=steady sample=3 c1=237.45 c8=420 c32=396.75 cpu_s=1.25 rss_mb=79.5
sing-box mode=steady sample=4 c1=216.84 c8=331.37 c32=381.28 cpu_s=1.52 rss_mb=78.2
sing-box mode=steady sample=5 c1=104.36 c8=382.92 c32=387.05 cpu_s=1.08 rss_mb=78.1
xray mode=steady sample=1 c1=33.36 c8=174.51 c32=161.85 cpu_s=3.66 rss_mb=63.8
xray mode=steady sample=2 c1=44.58 c8=162.99 c32=175.6 cpu_s=3.58 rss_mb=65
xray mode=steady sample=3 c1=42.36 c8=176.41 c32=182.79 cpu_s=3.08 rss_mb=65.7
xray mode=steady sample=4 c1=58.37 c8=178.63 c32=178.64 cpu_s=3.56 rss_mb=63.9
xray mode=steady sample=5 c1=37.55 c8=171.87 c32=178.92 cpu_s=3.2 rss_mb=65
proxy_e2e_summary implementation=rushway mode=setup samples=5 c1_mib_s=71.32 c8_mib_s=229.83 c32_mib_s=251.91 cpu_s=2.25 rss_peak_mb=148
proxy_e2e_summary implementation=goway mode=setup samples=5 c1_mib_s=247.12 c8_mib_s=292.58 c32_mib_s=267.64 cpu_s=1.91 rss_peak_mb=87.2
proxy_e2e_summary implementation=sing-box mode=setup samples=5 c1_mib_s=107.43 c8_mib_s=376.47 c32_mib_s=360.57 cpu_s=1.25 rss_peak_mb=79.6
proxy_e2e_summary implementation=xray mode=setup samples=5 c1_mib_s=43.01 c8_mib_s=177.49 c32_mib_s=185.09 cpu_s=3.2 rss_peak_mb=63
proxy_e2e_summary implementation=rushway mode=steady samples=5 c1_mib_s=101.24 c8_mib_s=238.7 c32_mib_s=251.84 cpu_s=2.34 rss_peak_mb=155.9
proxy_e2e_summary implementation=goway mode=steady samples=5 c1_mib_s=288.42 c8_mib_s=277.09 c32_mib_s=259.18 cpu_s=2.14 rss_peak_mb=89
proxy_e2e_summary implementation=sing-box mode=steady samples=5 c1_mib_s=216.84 c8_mib_s=382.92 c32_mib_s=387.05 cpu_s=1.25 rss_peak_mb=78.2
proxy_e2e_summary implementation=xray mode=steady samples=5 c1_mib_s=42.36 c8_mib_s=174.51 c32_mib_s=178.64 cpu_s=3.56 rss_peak_mb=65
